ARM Linker, 5.03 [Build 24] [MDK-ARM Lite]

==============================================================================

Section Cross References

    experiment3.o(Vect) refers to experiment3.o(SWIStack) for swi_stack


==============================================================================

Image Symbol Table

    Local Symbols

    Symbol Name                              Value     Ov Type        Size  Object(Section)

    Vect                                     0x00000000   Section      300  experiment3.o(Vect)
    Experiment3.s                            0x00000000   Number         0  experiment3.o ABSOLUTE
    Undefined_Handler                        0x00000040   ARM Code       0  experiment3.o(Vect)
    Prefetch_Handler                         0x00000044   ARM Code       0  experiment3.o(Vect)
    Abort_Handler                            0x00000048   ARM Code       0  experiment3.o(Vect)
    IRQ_Handler                              0x00000050   ARM Code       0  experiment3.o(Vect)
    FIQ_Handler                              0x00000054   ARM Code       0  experiment3.o(Vect)
    Reset_Handler                            0x00000058   ARM Code       0  experiment3.o(Vect)
    SWI_Handler                              0x00000084   ARM Code       0  experiment3.o(Vect)
    SWInum0                                  0x000000c8   ARM Code       0  experiment3.o(Vect)
    SWInum1                                  0x000000d8   ARM Code       0  experiment3.o(Vect)
    SWInum2                                  0x000000e8   ARM Code       0  experiment3.o(Vect)
    SWInum3                                  0x000000f8   ARM Code       0  experiment3.o(Vect)
    SWInum4                                  0x00000108   ARM Code       0  experiment3.o(Vect)
    SWIStack                                 0x00010000   Section      256  experiment3.o(SWIStack)
    swi_stack                                0x00010000   Data         256  experiment3.o(SWIStack)

    Global Symbols

    Symbol Name                              Value     Ov Type        Size  Object(Section)

    BuildAttributes$$THM_ISAv2$ARM_ISAv5$E$P$S$PE$A:L22$X:L11$S22$IEEE1$IW$USESV6$~STKCKD$USESV7$~SHL$OSPACE$EBA8$STANDARDLIB$EABIv2 0x00000000   Number         0  anon$$obj.o ABSOLUTE
    Vector_Table                             0x00000000   ARM Code       0  experiment3.o(Vect)



==============================================================================

Memory Map of the image

  Image Entry point : 0x00000000

  Load Region LR_1 (Base: 0x00000000, Size: 0x0000022c, Max: 0xffffffff, ABSOLUTE)

    Execution Region ER_RO (Base: 0x00000000, Size: 0x0000012c, Max: 0xffffffff, ABSOLUTE)

    Base Addr    Size         Type   Attr      Idx    E Section Name        Object

    0x00000000   0x0000012c   Code   RO            2  * Vect                experiment3.o


    Execution Region ER_RW (Base: 0x00010000, Size: 0x00000100, Max: 0xffffffff, ABSOLUTE)

    Base Addr    Size         Type   Attr      Idx    E Section Name        Object

    0x00010000   0x00000100   Data   RW            1    SWIStack            experiment3.o


    Execution Region ER_ZI (Base: 0x00010100, Size: 0x00000000, Max: 0xffffffff, ABSOLUTE)

    **** No section assigned to this execution region ****


==============================================================================

Image component sizes


      Code (inc. data)   RO Data    RW Data    ZI Data      Debug   Object Name

       300         56          0        256          0        280   experiment3.o

    ----------------------------------------------------------------------
       300         56          0        256          0        280   Object Totals
         0          0          0          0          0          0   (incl. Generated)
         0          0          0          0          0          0   (incl. Padding)

    ----------------------------------------------------------------------
         0          0          0          0          0          0   Library Totals
         0          0          0          0          0          0   (incl. Padding)

    ----------------------------------------------------------------------

==============================================================================


      Code (inc. data)   RO Data    RW Data    ZI Data      Debug   

       300         56          0        256          0        280   Grand Totals
       300         56          0        256          0        280   ELF Image Totals
       300         56          0        256          0          0   ROM Totals

==============================================================================

    Total RO  Size (Code + RO Data)                  300 (   0.29kB)
    Total RW  Size (RW Data + ZI Data)               256 (   0.25kB)
    Total ROM Size (Code + RO Data + RW Data)        556 (   0.54kB)

==============================================================================

